
> web@0.1.0 build C:\Users\jzdai2\Desktop\feiyan\apps\web
> next build

  ▲ Next.js 14.2.29
  - Environments: .env.local

   Creating an optimized production build ...
 ✓ Compiled successfully
   Linting and checking validity of types ...
   Collecting page data ...
   Generating static pages (0/8) ...
   Generating static pages (2/8) 
   Generating static pages (4/8) 
   Generating static pages (6/8) 
 ✓ Generating static pages (8/8)
   Finalizing page optimization ...
   Collecting build traces ...

Route (app)                              Size     First Load JS
┌ ○ /                                    5.41 kB        92.5 kB
├ ○ /_not-found                          873 B            88 kB
├ ƒ /api/bilibili/dynamics               0 B                0 B
├ ƒ /api/bilibili/live                   0 B                0 B
├ ƒ /api/bilibili/user                   0 B                0 B
└ ƒ /api/bilibili/videos                 0 B                0 B
+ First Load JS shared by all            87.1 kB
  ├ chunks/818-bda5aa886e137a3c.js       31.6 kB
  ├ chunks/c56ac22f-6a455a3fcd8d5a8f.js  53.6 kB
  └ other shared chunks (total)          1.85 kB


○  (Static)   prerendered as static content
ƒ  (Dynamic)  server-rendered on demand

